
=== ADVERSE world ===
          policy    bank   medP&L P(net<0) P(DD>30)  P(ruin)       p5
    kelly_eighth   $1000     -684    83.0%    93.0%    42.4%     -999
    kelly_eighth   $5000    -3408    82.8%    92.8%    42.2%    -4994
    kelly_eighth  $25000   -17335    83.3%    92.8%    42.9%   -24970
   flat_uncapped   $1000    -1230    73.7%    95.9%    67.8%    -5942
   flat_uncapped   $5000    -1765    75.9%    66.3%    31.1%    -8136
   flat_uncapped  $25000    -1791    76.6%    15.8%     0.6%   -12610
   flat_2pct_cap   $1000     -322    78.6%    65.5%    14.3%     -926
   flat_2pct_cap   $5000    -1600    78.1%    64.6%    15.1%    -4624  <=GUARDRAIL
   flat_2pct_cap  $25000    -1778    77.2%    16.1%     0.8%   -12555  <=GUARDRAIL

=== POSTERIOR world ===
          policy    bank   medP&L P(net<0) P(DD>30)  P(ruin)       p5
    kelly_eighth   $1000     -714    76.0%    87.9%    44.6%    -1000
    kelly_eighth   $5000    -3532    76.4%    87.6%    45.1%    -5000
    kelly_eighth  $25000   -17663    76.5%    88.1%    44.9%   -24998
   flat_uncapped   $1000    -1474    69.8%    89.3%    65.5%    -9192
   flat_uncapped   $5000    -2266    71.8%    66.0%    38.0%   -11298
   flat_uncapped  $25000    -2297    71.8%    23.7%     5.0%   -19811
   flat_2pct_cap   $1000     -365    71.5%    65.5%    20.8%     -979
   flat_2pct_cap   $5000    -1796    71.4%    62.6%    20.7%    -4902  <=GUARDRAIL
   flat_2pct_cap  $25000    -2041    70.3%    21.6%     4.6%   -19366  <=GUARDRAIL

=== FRIENDLY world ===
          policy    bank   medP&L P(net<0) P(DD>30)  P(ruin)       p5
    kelly_eighth   $1000    +3539     1.1%    23.4%     0.0%     +455
    kelly_eighth   $5000   +17834     1.3%    23.5%     0.0%    +2201
    kelly_eighth  $25000   +88129     1.1%    23.6%     0.0%   +12068
   flat_uncapped   $1000    +3781     0.4%    33.9%     0.6%    +1128
   flat_uncapped   $5000    +3805     0.4%     0.1%     0.0%    +1111
   flat_uncapped  $25000    +3765     0.4%     0.0%     0.0%    +1105
   flat_2pct_cap   $1000    +1121     0.4%     0.3%     0.0%     +256
   flat_2pct_cap   $5000    +3859     0.4%     0.1%     0.0%    +1140  <=GUARDRAIL
   flat_2pct_cap  $25000    +3896     0.5%     0.0%     0.0%    +1196  <=GUARDRAIL

artifact -> reports/stress/guardrail_ruin.json
